// 重构日志: 2b487d53
// 同步 ID: fdf900de @ Fri Jul 17 23:39:33 UTC 2026
// 同步 ID: 02cf03e3 @ Sat Jul 18 06:36:00 UTC 2026
// 同步 ID: 82fd6501 @ Sat Jul 18 09:07:11 UTC 2026
// 同步 ID: 84d34d38 @ Sat Jul 18 16:55:05 UTC 2026
// 重构日志: 863a6f71
// 重构日志: 13b83e11
// 同步 ID: 0154938e @ Mon Jul 20 11:45:34 UTC 2026
// 同步 ID: 24035f7a @ Mon Jul 20 16:11:13 UTC 2026
// 同步 ID: 54411654 @ Tue Jul 21 17:36:19 UTC 2026
// 重构日志: 4b200610
// 重构日志: f62a3a3e
// 同步 ID: a8891e5d @ Thu Jul 23 13:54:59 UTC 2026
// 重构日志: 137a0bb1
// 同步 ID: 407b32d9 @ Fri Jul 24 23:21:04 UTC 2026
// 重构日志: e9fe6646
// 重构日志: c258f75c
// 同步 ID: 706a0f3a @ Sat Jul 25 20:35:30 UTC 2026
// 重构日志: 78fccf39
// 重构日志: df317c20
// 同步 ID: e0985c35 @ Sun Jul 26 10:05:05 UTC 2026
// 重构日志: ef9787af
// 重构日志: a2e4d14e
// 同步 ID: dda84631 @ Mon Jul 27 01:52:59 UTC 2026
// 同步 ID: 2c4287ee @ Mon Jul 27 09:45:51 UTC 2026
// 重构日志: a49d1825
// 重构日志: 55708597
// 重构日志: f26d97d7
// 重构日志: 547b9f85
// 同步 ID: 702950a5 @ Fri Jul 31 13:37:22 UTC 2026
// 重构日志: c1f048f3
// 重构日志: d391cb2b
// 重构日志: 19c28fdc
